/home/sanchit/stm32/synthV1/Core/Src/main.c:73:6:fillFirstHalf	1048	static
/home/sanchit/stm32/synthV1/Core/Src/main.c:89:6:fillSecondHalf	1048	static
/home/sanchit/stm32/synthV1/Core/Src/main.c:117:5:main	40	static
/home/sanchit/stm32/synthV1/Core/Src/main.c:188:6:SystemClock_Config	88	static
/home/sanchit/stm32/synthV1/Core/Src/main.c:232:13:MX_CORDIC_Init	8	static
/home/sanchit/stm32/synthV1/Core/Src/main.c:255:13:MX_I2S2_Init	8	static
/home/sanchit/stm32/synthV1/Core/Src/main.c:284:13:MX_TIM1_Init	40	static
/home/sanchit/stm32/synthV1/Core/Src/main.c:326:13:MX_TIM4_Init	40	static
/home/sanchit/stm32/synthV1/Core/Src/main.c:366:13:MX_USART1_UART_Init	8	static
/home/sanchit/stm32/synthV1/Core/Src/main.c:408:13:MX_DMA_Init	16	static
/home/sanchit/stm32/synthV1/Core/Src/main.c:431:13:MX_GPIO_Init	48	static
/home/sanchit/stm32/synthV1/Core/Src/main.c:459:6:HAL_TIM_PeriodElapsedCallback	16	static
/home/sanchit/stm32/synthV1/Core/Src/main.c:465:6:HAL_I2S_TxHalfCpltCallback	16	static
/home/sanchit/stm32/synthV1/Core/Src/main.c:466:6:HAL_I2S_TxCpltCallback	16	static
/home/sanchit/stm32/synthV1/Core/Src/main.c:474:6:Error_Handler	4	static
