/home/sanchit/stm32/synthV1/Core/Src/main.c:111:6:fillFirstHalf	56	static
/home/sanchit/stm32/synthV1/Core/Src/main.c:137:6:fillSecondHalf	56	static
/home/sanchit/stm32/synthV1/Core/Src/main.c:175:5:main	40	static
/home/sanchit/stm32/synthV1/Core/Src/main.c:255:6:SystemClock_Config	88	static
/home/sanchit/stm32/synthV1/Core/Src/main.c:299:13:MX_CORDIC_Init	8	static
/home/sanchit/stm32/synthV1/Core/Src/main.c:322:13:MX_I2S2_Init	8	static
/home/sanchit/stm32/synthV1/Core/Src/main.c:351:13:MX_TIM1_Init	40	static
/home/sanchit/stm32/synthV1/Core/Src/main.c:393:13:MX_TIM4_Init	40	static
/home/sanchit/stm32/synthV1/Core/Src/main.c:433:13:MX_USART1_UART_Init	8	static
/home/sanchit/stm32/synthV1/Core/Src/main.c:475:13:MX_DMA_Init	16	static
/home/sanchit/stm32/synthV1/Core/Src/main.c:498:13:MX_GPIO_Init	48	static
/home/sanchit/stm32/synthV1/Core/Src/main.c:526:6:HAL_TIM_PeriodElapsedCallback	16	static
/home/sanchit/stm32/synthV1/Core/Src/main.c:532:6:HAL_I2S_TxHalfCpltCallback	16	static
/home/sanchit/stm32/synthV1/Core/Src/main.c:533:6:HAL_I2S_TxCpltCallback	16	static
/home/sanchit/stm32/synthV1/Core/Src/main.c:541:6:Error_Handler	4	static
